// Jest Snapshot v1, https://goo.gl/fbAQLP

exports[`NoteCard should match the snapshot 1`] = `
<Link
  replace={false}
  to="/notes/"
>
  <div>
    <h2>
      Title One
    </h2>
    <div>
      incomplete
      <p
        key="2"
      >
        Note two of Title one
      </p>
    </div>
    <div>
      Completed
      <p
        key="1"
      >
        Note one of Title one
      </p>
    </div>
  </div>
</Link>
`;
