// Jest Snapshot v1, https://goo.gl/fbAQLP

exports[`ErrorMessage should match the correct snapshot 1`] = `
<div
  className="error-msg"
>
  <h3
    className="test"
  >
    there has been an error: 
    404
  </h3>
  <Link
    replace={false}
    to="/"
  >
    Return to All Notes
  </Link>
</div>
`;
