// Jest Snapshot v1, https://goo.gl/fbAQLP

exports[`Header should have match the correct snapshot 1`] = `
<header>
  <h1>
    TrapperKeeper
  </h1>
  <Link
    replace={false}
    to="/new-note"
  >
    <img
      alt="White add button"
      src="addbtn.svg"
    />
    <p>
      Add New Note
    </p>
  </Link>
</header>
`;
