// Jest Snapshot v1, https://goo.gl/fbAQLP

exports[`noteForm initial state should match the initial snapshot 1`] = `
<div>
  <Connect(NoteArea) />
  <div
    className="form-container"
  >
    <form
      className="form"
    >
      <div
        className="form-back-del-btn-container"
      >
        <Link
          replace={false}
          to="/"
        >
          <button
            className="form-back-del-btn"
          >
            Go back
          </button>
        </Link>
      </div>
      <input
        autocomplete="off"
        className="form-input"
        name="title"
        onChange={[Function]}
        placeholder="Add your title here!"
        value=""
      />
      <section
        className="incomplete-section"
      />
      <section
        className="completed-section"
      />
      <button
        className="form-back-del-btn from-save-btn"
        onClick={[Function]}
      >
        SAVE
      </button>
    </form>
  </div>
</div>
`;
