// Jest Snapshot v1, https://goo.gl/fbAQLP

exports[`noteForm initial state should match the initial snapshot 1`] = `
<div>
  <Connect(NoteArea) />
  <div
    className="form-container"
  >
    <form
      className="form"
    >
      <div>
        <Link
          replace={false}
          to="/"
        >
          <button>
            Go back
          </button>
        </Link>
      </div>
      <input
        name="title"
        onChange={[Function]}
        placeholder="title"
        value=""
      />
      <section />
      <section />
      <button
        onClick={[Function]}
      >
        SAVE
      </button>
    </form>
  </div>
</div>
`;
