// Jest Snapshot v1, https://goo.gl/fbAQLP

exports[`noteForm initial state should match the initial snapshot 1`] = `
<div>
  <Connect(NoteArea) />
  <div
    className="form-container"
  >
    <form
      className="form"
    >
      <div
        className="form-back-del-btn-container"
      >
        <Link
          replace={false}
          to="/"
        >
          <button
            className="form-back-del-btn"
          >
            Back
          </button>
        </Link>
      </div>
      <input
        autoComplete="off"
        className="title-input"
        name="title"
        onChange={[Function]}
        placeholder="Add your title here!"
        value=""
      />
      <div
        className="items-area"
      >
        <section
          className="incomplete-section"
        />
        <section
          className="completed-section"
        />
      </div>
      <button
        className="form-back-del-btn form-save-btn"
        onClick={[Function]}
      >
        Save
      </button>
    </form>
  </div>
</div>
`;
